com\sistema\cocomo.class
com\sistema\mpf$8.class
com\sistema\cocomo$5.class
com\sistema\mpf$40.class
com\sistema\mpf$24.class
com\sistema\mpf$14.class
com\sistema\mpf$20.class
com\sistema\mpf$34.class
com\sistema\mpf$10.class
com\sistema\mpf$30.class
com\sistema\calculadora$1.class
com\sistema\mpf$11.class
com\sistema\mpf$43.class
com\sistema\cocomo$2.class
com\sistema\mpf$5.class
com\sistema\mpf$38.class
com\sistema\cocomo$11.class
com\sistema\mpf$18.class
com\sistema\mpf$23.class
com\sistema\mpf$21.class
com\sistema\mpf$41.class
com\sistema\cocomo$9.class
com\sistema\mpf$7.class
com\sistema\calculadora$4.class
com\sistema\mpf$35.class
com\sistema\mpf$15.class
com\sistema\cocomo$6.class
com\sistema\mpf$1.class
com\sistema\mpf$27.class
com\sistema\mpf$4.class
com\sistema\mpf$12.class
com\sistema\calculadora$3.class
com\sistema\calculadora.class
com\sistema\mpf$32.class
com\sistema\mpf$19.class
com\sistema\cocomo$3.class
com\sistema\cocomo$10.class
com\sistema\mpf$29.class
com\sistema\mpf$39.class
com\sistema\mpf$3.class
com\sistema\mpf$16.class
com\sistema\mpf$26.class
com\sistema\cocomo$7.class
com\sistema\mpf$36.class
com\sistema\mpf$13.class
com\sistema\mpf$28.class
com\sistema\mpf$9.class
com\sistema\mpf$2.class
com\sistema\mpf$33.class
com\sistema\mpf$31.class
com\sistema\cocomo$4.class
com\clases\NewClass.class
com\sistema\cocomo$1.class
com\sistema\cocomo$8.class
com\sistema\mpf$25.class
com\sistema\mpf$6.class
com\sistema\mpf$17.class
com\sistema\mpf$37.class
com\sistema\mpf$22.class
com\sistema\calculadora$2.class
com\sistema\mpf$42.class
com\sistema\mpf.class
